{"level":30,"time":1790323185757,"pid":33344,"hostname":"Admin-PC","deleted":0,"retentionDays":30,"msg":"economy maintenance completed"}
{"level":60,"time":1790323188819,"pid":33344,"hostname":"Admin-PC","err":{"type":"Error","message":"Used disallowed intents","stack":"Error: Used disallowed intents\n    at WebSocketShard.onClose (D:\\gamebot\\node_modules\\@discordjs\\ws\\dist\\index.js:1151:18)\n    at connection.onclose (D:\\gamebot\\node_modules\\@discordjs\\ws\\dist\\index.js:688:17)\n    at callListener (D:\\gamebot\\node_modules\\ws\\lib\\event-target.js:290:14)\n    at WebSocket.onClose (D:\\gamebot\\node_modules\\ws\\lib\\event-target.js:220:9)\n    at WebSocket.emit (node:events:514:28)\n    at WebSocket.emitClose (D:\\gamebot\\node_modules\\ws\\lib\\websocket.js:279:10)\n    at TLSSocket.socketOnClose (D:\\gamebot\\node_modules\\ws\\lib\\websocket.js:1360:15)\n    at TLSSocket.emit (node:events:526:24)\n    at node:net:362:12\n    at TCP.done (node:internal/tls/wrap:770:7)"},"msg":"discord login failed"}
{"level":30,"time":1790323227038,"pid":26296,"hostname":"Admin-PC","deleted":0,"retentionDays":30,"msg":"economy maintenance completed"}
{"level":60,"time":1790323229319,"pid":26296,"hostname":"Admin-PC","err":{"type":"Error","message":"Used disallowed intents","stack":"Error: Used disallowed intents\n    at WebSocketShard.onClose (D:\\gamebot\\node_modules\\@discordjs\\ws\\dist\\index.js:1151:18)\n    at connection.onclose (D:\\gamebot\\node_modules\\@discordjs\\ws\\dist\\index.js:688:17)\n    at callListener (D:\\gamebot\\node_modules\\ws\\lib\\event-target.js:290:14)\n    at WebSocket.onClose (D:\\gamebot\\node_modules\\ws\\lib\\event-target.js:220:9)\n    at WebSocket.emit (node:events:514:28)\n    at WebSocket.emitClose (D:\\gamebot\\node_modules\\ws\\lib\\websocket.js:279:10)\n    at TLSSocket.socketOnClose (D:\\gamebot\\node_modules\\ws\\lib\\websocket.js:1360:15)\n    at TLSSocket.emit (node:events:526:24)\n    at node:net:362:12\n    at TCP.done (node:internal/tls/wrap:770:7)"},"msg":"discord login failed"}
{"level":30,"time":1790323361492,"pid":30676,"hostname":"Admin-PC","deleted":0,"retentionDays":30,"msg":"economy maintenance completed"}
{"level":30,"time":1790323363861,"pid":30676,"hostname":"Admin-PC","user":"Gamebot#6565","resumedRounds":0,"resumedHorseRaces":0,"expiredHardcoreRuns":0,"msg":"game bot ready"}
{"level":30,"time":1790323363862,"pid":30676,"hostname":"Admin-PC","purchases":0,"requests":0,"messages":0,"progression":{"seasonScores":0,"seasonClaims":0,"contributions":0,"events":0,"inactiveProgress":0},"msg":"commerce maintenance completed"}
{"level":30,"time":1790323470314,"pid":2620,"hostname":"Admin-PC","deleted":0,"retentionDays":30,"msg":"economy maintenance completed"}
{"level":30,"time":1790323472383,"pid":2620,"hostname":"Admin-PC","user":"Gamebot#6565","resumedRounds":0,"resumedHorseRaces":0,"expiredHardcoreRuns":0,"msg":"game bot ready"}
{"level":30,"time":1790323472384,"pid":2620,"hostname":"Admin-PC","purchases":0,"requests":0,"messages":0,"progression":{"seasonScores":0,"seasonClaims":0,"contributions":0,"events":0,"inactiveProgress":0},"msg":"commerce maintenance completed"}
{"level":30,"time":1790323675985,"pid":2620,"hostname":"Admin-PC","adminId":"419031030025158658","userId":"616979650710863891","guildId":"893717910953021452","amount":10000000,"reason":"prefix","msg":"admin added gold"}
{"level":30,"time":1790323800686,"pid":2620,"hostname":"Admin-PC","adminId":"697794640148955206","userId":"697794640148955206","guildId":"893717910953021452","amount":100000,"reason":"prefix","msg":"admin added gold"}
{"level":30,"time":1790323834481,"pid":2620,"hostname":"Admin-PC","adminId":"616979650710863891","userId":"616979650710863891","guildId":"893717910953021452","amount":10000,"reason":"prefix","msg":"admin added gold"}
{"level":30,"time":1790324374166,"pid":28932,"hostname":"Admin-PC","deleted":0,"retentionDays":30,"msg":"economy maintenance completed"}
{"level":30,"time":1790324376348,"pid":28932,"hostname":"Admin-PC","user":"Gamebot#6565","resumedRounds":0,"resumedHorseRaces":0,"expiredHardcoreRuns":0,"msg":"game bot ready"}
{"level":30,"time":1790324376349,"pid":28932,"hostname":"Admin-PC","purchases":0,"requests":0,"messages":0,"progression":{"seasonScores":0,"seasonClaims":0,"contributions":0,"events":0,"inactiveProgress":0},"msg":"commerce maintenance completed"}
{"level":30,"time":1790324424836,"pid":28932,"hostname":"Admin-PC","adminId":"419031030025158658","userId":"419031030025158658","guildId":"893717910953021452","amount":1000000,"reason":"prefix","msg":"admin added gold"}
{"level":30,"time":1790325147102,"pid":33764,"hostname":"Admin-PC","deleted":0,"retentionDays":30,"msg":"economy maintenance completed"}
{"level":30,"time":1790325149339,"pid":33764,"hostname":"Admin-PC","user":"Gamebot#6565","resumedRounds":0,"resumedHorseRaces":0,"expiredHardcoreRuns":0,"msg":"game bot ready"}
{"level":30,"time":1790325149339,"pid":33764,"hostname":"Admin-PC","purchases":0,"requests":0,"messages":0,"progression":{"seasonScores":0,"seasonClaims":0,"contributions":0,"events":0,"inactiveProgress":0},"msg":"commerce maintenance completed"}
{"level":30,"time":1790325823191,"pid":4884,"hostname":"Admin-PC","deleted":0,"retentionDays":30,"msg":"economy maintenance completed"}
{"level":30,"time":1790325825139,"pid":4884,"hostname":"Admin-PC","user":"Gamebot#6565","resumedRounds":0,"resumedHorseRaces":0,"expiredHardcoreRuns":0,"msg":"game bot ready"}
{"level":30,"time":1790325825140,"pid":4884,"hostname":"Admin-PC","purchases":0,"requests":0,"messages":0,"progression":{"seasonScores":0,"seasonClaims":0,"contributions":0,"events":0,"inactiveProgress":0},"msg":"commerce maintenance completed"}
{"level":30,"time":1790327003597,"pid":28428,"hostname":"Admin-PC","deleted":0,"retentionDays":30,"msg":"economy maintenance completed"}
{"level":30,"time":1790327008658,"pid":28428,"hostname":"Admin-PC","user":"Gamebot#6565","resumedRounds":0,"resumedHorseRaces":0,"expiredHardcoreRuns":0,"msg":"game bot ready"}
{"level":30,"time":1790327008659,"pid":28428,"hostname":"Admin-PC","purchases":0,"requests":0,"messages":0,"progression":{"seasonScores":0,"seasonClaims":0,"contributions":0,"events":0,"inactiveProgress":0},"msg":"commerce maintenance completed"}
{"level":30,"time":1790327765254,"pid":31872,"hostname":"Admin-PC","deleted":0,"retentionDays":30,"msg":"economy maintenance completed"}
{"level":30,"time":1790327767342,"pid":31872,"hostname":"Admin-PC","user":"Gamebot#6565","resumedRounds":0,"resumedHorseRaces":0,"expiredHardcoreRuns":0,"msg":"game bot ready"}
{"level":30,"time":1790327767342,"pid":31872,"hostname":"Admin-PC","purchases":0,"requests":0,"messages":0,"progression":{"seasonScores":0,"seasonClaims":0,"contributions":0,"events":0,"inactiveProgress":0},"msg":"commerce maintenance completed"}
{"level":30,"time":1790328438479,"pid":29388,"hostname":"Admin-PC","deleted":0,"retentionDays":30,"msg":"economy maintenance completed"}
{"level":30,"time":1790328440410,"pid":29388,"hostname":"Admin-PC","user":"Gamebot#6565","resumedRounds":0,"resumedHorseRaces":0,"expiredHardcoreRuns":0,"msg":"game bot ready"}
{"level":30,"time":1790328440411,"pid":29388,"hostname":"Admin-PC","purchases":0,"requests":0,"messages":0,"progression":{"seasonScores":0,"seasonClaims":0,"contributions":0,"events":0,"inactiveProgress":0},"msg":"commerce maintenance completed"}
{"level":30,"time":1790329206319,"pid":29368,"hostname":"Admin-PC","deleted":0,"retentionDays":30,"msg":"economy maintenance completed"}
{"level":30,"time":1790329208547,"pid":29368,"hostname":"Admin-PC","user":"Gamebot#6565","resumedRounds":0,"resumedHorseRaces":0,"expiredHardcoreRuns":0,"msg":"game bot ready"}
{"level":30,"time":1790329208548,"pid":29368,"hostname":"Admin-PC","purchases":0,"requests":0,"messages":0,"progression":{"seasonScores":0,"seasonClaims":0,"contributions":0,"events":0,"inactiveProgress":0},"msg":"commerce maintenance completed"}
{"level":30,"time":1790330132543,"pid":28252,"hostname":"Admin-PC","deleted":0,"retentionDays":30,"msg":"economy maintenance completed"}
{"level":30,"time":1790330134590,"pid":28252,"hostname":"Admin-PC","user":"Gamebot#6565","resumedRounds":0,"resumedHorseRaces":0,"expiredHardcoreRuns":0,"msg":"game bot ready"}
{"level":30,"time":1790330134591,"pid":28252,"hostname":"Admin-PC","purchases":0,"requests":0,"messages":0,"progression":{"seasonScores":0,"seasonClaims":0,"contributions":0,"events":0,"inactiveProgress":0},"msg":"commerce maintenance completed"}
{"level":30,"time":1790387199767,"pid":7248,"hostname":"Admin-PC","deleted":0,"retentionDays":30,"msg":"economy maintenance completed"}
{"level":30,"time":1790387203015,"pid":7248,"hostname":"Admin-PC","user":"Gamebot#6565","resumedRounds":0,"resumedHorseRaces":0,"expiredHardcoreRuns":0,"msg":"game bot ready"}
{"level":30,"time":1790387203017,"pid":7248,"hostname":"Admin-PC","purchases":0,"requests":0,"messages":0,"progression":{"seasonScores":0,"seasonClaims":0,"weeklyScores":0,"weeklyClaims":0,"gameHistory":0,"contributions":0,"events":0,"inactiveProgress":0},"msg":"commerce maintenance completed"}
{"level":30,"time":1790387203075,"pid":7248,"hostname":"Admin-PC","destination":"D:\\gamebot\\data\\backups\\game-bot-2026-09-26T01-46-43-015Z.sqlite","deleted":0,"msg":"database backup completed"}
{"level":30,"time":1790388326400,"pid":17736,"hostname":"Admin-PC","deleted":0,"retentionDays":30,"msg":"economy maintenance completed"}
{"level":30,"time":1790388328958,"pid":17736,"hostname":"Admin-PC","user":"Gamebot#6565","resumedRounds":0,"resumedHorseRaces":0,"expiredHardcoreRuns":0,"msg":"game bot ready"}
{"level":30,"time":1790388328959,"pid":17736,"hostname":"Admin-PC","purchases":0,"requests":0,"messages":0,"progression":{"seasonScores":0,"seasonClaims":0,"weeklyScores":0,"weeklyClaims":0,"gameHistory":0,"contributions":0,"events":0,"inactiveProgress":0},"msg":"commerce maintenance completed"}
{"level":30,"time":1790388329013,"pid":17736,"hostname":"Admin-PC","destination":"D:\\gamebot\\data\\backups\\game-bot-2026-09-26T02-05-28-958Z.sqlite","deleted":0,"msg":"database backup completed"}
{"level":30,"time":1790391928971,"pid":17736,"hostname":"Admin-PC","purchases":0,"requests":0,"messages":0,"progression":{"seasonScores":0,"seasonClaims":0,"weeklyScores":0,"weeklyClaims":0,"gameHistory":0,"contributions":0,"events":0,"inactiveProgress":0},"msg":"commerce maintenance completed"}
{"level":30,"time":1790395531438,"pid":17736,"hostname":"Admin-PC","purchases":0,"requests":0,"messages":0,"progression":{"seasonScores":0,"seasonClaims":0,"weeklyScores":0,"weeklyClaims":0,"gameHistory":0,"contributions":0,"events":0,"inactiveProgress":0},"msg":"commerce maintenance completed"}
{"level":30,"time":1790399131446,"pid":17736,"hostname":"Admin-PC","purchases":0,"requests":0,"messages":0,"progression":{"seasonScores":0,"seasonClaims":0,"weeklyScores":0,"weeklyClaims":0,"gameHistory":0,"contributions":0,"events":0,"inactiveProgress":0},"msg":"commerce maintenance completed"}
{"level":30,"time":1790402731453,"pid":17736,"hostname":"Admin-PC","purchases":0,"requests":0,"messages":0,"progression":{"seasonScores":0,"seasonClaims":0,"weeklyScores":0,"weeklyClaims":0,"gameHistory":0,"contributions":0,"events":0,"inactiveProgress":0},"msg":"commerce maintenance completed"}
{"level":30,"time":1790408988089,"pid":30612,"hostname":"Admin-PC","deleted":0,"retentionDays":30,"msg":"economy maintenance completed"}
{"level":30,"time":1790408990315,"pid":30612,"hostname":"Admin-PC","user":"Gamebot#6565","resumedRounds":0,"resumedHorseRaces":0,"expiredHardcoreRuns":0,"msg":"game bot ready"}
{"level":30,"time":1790408990316,"pid":30612,"hostname":"Admin-PC","purchases":0,"requests":0,"messages":0,"progression":{"seasonScores":0,"seasonClaims":0,"weeklyScores":0,"weeklyClaims":0,"gameHistory":0,"contributions":0,"events":0,"inactiveProgress":0},"gachaHistory":0,"diamondTransactions":0,"msg":"commerce maintenance completed"}
{"level":30,"time":1790408990372,"pid":30612,"hostname":"Admin-PC","destination":"D:\\gamebot\\data\\backups\\game-bot-2026-09-26T07-49-50-315Z.sqlite","deleted":0,"msg":"database backup completed"}
{"level":30,"time":1790409047291,"pid":30612,"hostname":"Admin-PC","adminId":"419031030025158658","userId":"697794640148955206","guildId":"893717910953021452","amount":1000000,"msg":"admin added gems"}
{"level":30,"time":1790410128488,"pid":30612,"hostname":"Admin-PC","adminId":"616979650710863891","userId":"616979650710863891","guildId":"893717910953021452","amount":1000000,"msg":"admin added gems"}
{"level":30,"time":1790410332545,"pid":30612,"hostname":"Admin-PC","signal":"SIGINT","msg":"game bot shutting down"}
{"level":30,"time":1790410346528,"pid":8008,"hostname":"Admin-PC","deleted":0,"retentionDays":30,"msg":"economy maintenance completed"}
{"level":30,"time":1790410348398,"pid":8008,"hostname":"Admin-PC","user":"Gamebot#6565","resumedRounds":0,"resumedHorseRaces":0,"expiredHardcoreRuns":0,"msg":"game bot ready"}
{"level":30,"time":1790410348399,"pid":8008,"hostname":"Admin-PC","purchases":0,"requests":0,"messages":0,"progression":{"seasonScores":0,"seasonClaims":0,"weeklyScores":0,"weeklyClaims":0,"gameHistory":0,"contributions":0,"events":0,"inactiveProgress":0},"gachaHistory":0,"diamondTransactions":0,"msg":"commerce maintenance completed"}
{"level":30,"time":1790410348455,"pid":8008,"hostname":"Admin-PC","destination":"D:\\gamebot\\data\\backups\\game-bot-2026-09-26T08-12-28-398Z.sqlite","deleted":0,"msg":"database backup completed"}
{"level":30,"time":1790410394491,"pid":8008,"hostname":"Admin-PC","adminId":"419031030025158658","userId":"419031030025158658","guildId":"893717910953021452","amount":100000,"msg":"admin added gems"}
{"level":30,"time":1790411034681,"pid":8008,"hostname":"Admin-PC","signal":"SIGINT","msg":"game bot shutting down"}
{"level":30,"time":1790411046466,"pid":5700,"hostname":"Admin-PC","deleted":0,"retentionDays":30,"msg":"economy maintenance completed"}
{"level":30,"time":1790411047714,"pid":5700,"hostname":"Admin-PC","user":"Gamebot#6565","resumedRounds":0,"resumedHorseRaces":0,"expiredHardcoreRuns":0,"msg":"game bot ready"}
{"level":30,"time":1790411047716,"pid":5700,"hostname":"Admin-PC","purchases":0,"requests":0,"messages":0,"progression":{"seasonScores":0,"seasonClaims":0,"weeklyScores":0,"weeklyClaims":0,"gameHistory":0,"contributions":0,"events":0,"inactiveProgress":0},"gachaHistory":0,"diamondTransactions":0,"msg":"commerce maintenance completed"}
{"level":30,"time":1790411047786,"pid":5700,"hostname":"Admin-PC","destination":"D:\\gamebot\\data\\backups\\game-bot-2026-09-26T08-24-07-714Z.sqlite","deleted":0,"msg":"database backup completed"}
{"level":30,"time":1790412562432,"pid":5700,"hostname":"Admin-PC","signal":"SIGINT","msg":"game bot shutting down"}
{"level":30,"time":1790412567895,"pid":31636,"hostname":"Admin-PC","deleted":0,"retentionDays":30,"msg":"economy maintenance completed"}
{"level":30,"time":1790412569680,"pid":31636,"hostname":"Admin-PC","user":"Gamebot#6565","resumedRounds":0,"resumedHorseRaces":0,"expiredHardcoreRuns":0,"msg":"game bot ready"}
{"level":30,"time":1790412569681,"pid":31636,"hostname":"Admin-PC","purchases":0,"requests":0,"messages":0,"progression":{"seasonScores":0,"seasonClaims":0,"weeklyScores":0,"weeklyClaims":0,"gameHistory":0,"contributions":0,"events":0,"inactiveProgress":0},"gachaHistory":0,"diamondTransactions":0,"msg":"commerce maintenance completed"}
{"level":30,"time":1790412569736,"pid":31636,"hostname":"Admin-PC","destination":"D:\\gamebot\\data\\backups\\game-bot-2026-09-26T08-49-29-680Z.sqlite","deleted":0,"msg":"database backup completed"}
{"level":30,"time":1790413192495,"pid":31636,"hostname":"Admin-PC","signal":"SIGINT","msg":"game bot shutting down"}
{"level":30,"time":1790413197967,"pid":28328,"hostname":"Admin-PC","deleted":0,"retentionDays":30,"msg":"economy maintenance completed"}
{"level":30,"time":1790413199321,"pid":28328,"hostname":"Admin-PC","user":"Gamebot#6565","resumedRounds":0,"resumedHorseRaces":0,"expiredHardcoreRuns":0,"msg":"game bot ready"}
{"level":30,"time":1790413199322,"pid":28328,"hostname":"Admin-PC","purchases":0,"requests":0,"messages":0,"progression":{"seasonScores":0,"seasonClaims":0,"weeklyScores":0,"weeklyClaims":0,"gameHistory":0,"contributions":0,"events":0,"inactiveProgress":0},"gachaHistory":0,"diamondTransactions":0,"msg":"commerce maintenance completed"}
{"level":30,"time":1790413199379,"pid":28328,"hostname":"Admin-PC","destination":"D:\\gamebot\\data\\backups\\game-bot-2026-09-26T08-59-59-321Z.sqlite","deleted":0,"msg":"database backup completed"}
{"level":30,"time":1790414210792,"pid":28328,"hostname":"Admin-PC","signal":"SIGINT","msg":"game bot shutting down"}
{"level":30,"time":1790414598417,"pid":29128,"hostname":"Admin-PC","deleted":0,"retentionDays":30,"msg":"economy maintenance completed"}
{"level":30,"time":1790414599656,"pid":29128,"hostname":"Admin-PC","user":"Gamebot#6565","resumedRounds":0,"resumedHorseRaces":0,"expiredHardcoreRuns":0,"msg":"game bot ready"}
{"level":30,"time":1790414599657,"pid":29128,"hostname":"Admin-PC","purchases":0,"requests":0,"messages":0,"progression":{"seasonScores":0,"seasonClaims":0,"weeklyScores":0,"weeklyClaims":0,"gameHistory":0,"contributions":0,"events":0,"inactiveProgress":0},"gachaHistory":0,"diamondTransactions":0,"msg":"commerce maintenance completed"}
{"level":30,"time":1790414599715,"pid":29128,"hostname":"Admin-PC","destination":"D:\\gamebot\\data\\backups\\game-bot-2026-09-26T09-23-19-656Z.sqlite","deleted":0,"msg":"database backup completed"}
{"level":30,"time":1790414862799,"pid":29128,"hostname":"Admin-PC","signal":"SIGINT","msg":"game bot shutting down"}
{"level":30,"time":1790414875323,"pid":23468,"hostname":"Admin-PC","deleted":0,"retentionDays":30,"msg":"economy maintenance completed"}
{"level":30,"time":1790414876592,"pid":23468,"hostname":"Admin-PC","user":"Gamebot#6565","resumedRounds":0,"resumedHorseRaces":0,"expiredHardcoreRuns":0,"msg":"game bot ready"}
{"level":30,"time":1790414876594,"pid":23468,"hostname":"Admin-PC","purchases":0,"requests":0,"messages":0,"progression":{"seasonScores":0,"seasonClaims":0,"weeklyScores":0,"weeklyClaims":0,"gameHistory":0,"contributions":0,"events":0,"inactiveProgress":0},"gachaHistory":0,"diamondTransactions":0,"msg":"commerce maintenance completed"}
{"level":30,"time":1790414876651,"pid":23468,"hostname":"Admin-PC","destination":"D:\\gamebot\\data\\backups\\game-bot-2026-09-26T09-27-56-592Z.sqlite","deleted":0,"msg":"database backup completed"}
{"level":30,"time":1790415069183,"pid":23468,"hostname":"Admin-PC","signal":"SIGINT","msg":"game bot shutting down"}
{"level":30,"time":1790415074788,"pid":28176,"hostname":"Admin-PC","deleted":0,"retentionDays":30,"msg":"economy maintenance completed"}
{"level":30,"time":1790415076431,"pid":28176,"hostname":"Admin-PC","user":"Gamebot#6565","resumedRounds":0,"resumedHorseRaces":0,"expiredHardcoreRuns":0,"msg":"game bot ready"}
{"level":30,"time":1790415076433,"pid":28176,"hostname":"Admin-PC","purchases":0,"requests":0,"messages":0,"progression":{"seasonScores":0,"seasonClaims":0,"weeklyScores":0,"weeklyClaims":0,"gameHistory":0,"contributions":0,"events":0,"inactiveProgress":0},"gachaHistory":0,"diamondTransactions":0,"msg":"commerce maintenance completed"}
{"level":30,"time":1790415076507,"pid":28176,"hostname":"Admin-PC","destination":"D:\\gamebot\\data\\backups\\game-bot-2026-09-26T09-31-16-431Z.sqlite","deleted":0,"msg":"database backup completed"}
{"level":30,"time":1790558434933,"pid":32572,"hostname":"Admin-PC","deleted":0,"retentionDays":30,"msg":"economy maintenance completed"}
{"level":30,"time":1790558438180,"pid":32572,"hostname":"Admin-PC","user":"Gamebot#6565","resumedRounds":0,"resumedHorseRaces":0,"expiredHardcoreRuns":0,"msg":"game bot ready"}
{"level":30,"time":1790558438255,"pid":32572,"hostname":"Admin-PC","destination":"D:\\gamebot\\data\\backups\\game-bot-2026-09-28T01-20-38-180Z.sqlite","deleted":0,"msg":"database backup completed"}
{"level":30,"time":1790558440766,"pid":32572,"hostname":"Admin-PC","purchases":0,"requests":2,"messages":2,"progression":{"seasonScores":0,"seasonClaims":0,"weeklyScores":0,"weeklyClaims":0,"gameHistory":0,"contributions":0,"events":0,"inactiveProgress":0},"gachaHistory":0,"diamondTransactions":0,"msg":"commerce maintenance completed"}
{"level":30,"time":1790558997915,"pid":32572,"hostname":"Admin-PC","signal":"SIGINT","msg":"game bot shutting down"}
{"level":30,"time":1790559007869,"pid":28724,"hostname":"Admin-PC","deleted":0,"retentionDays":30,"msg":"economy maintenance completed"}
{"level":30,"time":1790559009415,"pid":28724,"hostname":"Admin-PC","user":"Gamebot#6565","resumedRounds":0,"resumedHorseRaces":0,"expiredHardcoreRuns":0,"msg":"game bot ready"}
{"level":30,"time":1790559009416,"pid":28724,"hostname":"Admin-PC","purchases":0,"requests":0,"messages":0,"progression":{"seasonScores":0,"seasonClaims":0,"weeklyScores":0,"weeklyClaims":0,"gameHistory":0,"contributions":0,"events":0,"inactiveProgress":0},"gachaHistory":0,"diamondTransactions":0,"msg":"commerce maintenance completed"}
{"level":30,"time":1790559009481,"pid":28724,"hostname":"Admin-PC","destination":"D:\\gamebot\\data\\backups\\game-bot-2026-09-28T01-30-09-415Z.sqlite","deleted":0,"msg":"database backup completed"}
{"level":30,"time":1790560093728,"pid":28724,"hostname":"Admin-PC","signal":"SIGINT","msg":"game bot shutting down"}
{"level":30,"time":1790560123791,"pid":27176,"hostname":"Admin-PC","deleted":0,"retentionDays":30,"msg":"economy maintenance completed"}
{"level":30,"time":1790560125554,"pid":27176,"hostname":"Admin-PC","user":"Gamebot#6565","resumedRounds":0,"resumedHorseRaces":0,"expiredHardcoreRuns":0,"msg":"game bot ready"}
{"level":30,"time":1790560125556,"pid":27176,"hostname":"Admin-PC","purchases":0,"requests":0,"messages":0,"progression":{"seasonScores":0,"seasonClaims":0,"weeklyScores":0,"weeklyClaims":0,"gameHistory":0,"contributions":0,"events":0,"inactiveProgress":0},"gachaHistory":0,"diamondTransactions":0,"msg":"commerce maintenance completed"}
{"level":30,"time":1790560125617,"pid":27176,"hostname":"Admin-PC","destination":"D:\\gamebot\\data\\backups\\game-bot-2026-09-28T01-48-45-554Z.sqlite","deleted":0,"msg":"database backup completed"}
{"level":30,"time":1790563732069,"pid":27176,"hostname":"Admin-PC","purchases":0,"requests":0,"messages":0,"progression":{"seasonScores":0,"seasonClaims":0,"weeklyScores":0,"weeklyClaims":0,"gameHistory":0,"contributions":0,"events":0,"inactiveProgress":0},"gachaHistory":0,"diamondTransactions":0,"msg":"commerce maintenance completed"}
{"level":30,"time":1790564848016,"pid":21828,"hostname":"Admin-PC","deleted":0,"retentionDays":30,"msg":"economy maintenance completed"}
{"level":30,"time":1790564849826,"pid":21828,"hostname":"Admin-PC","user":"Gamebot#6565","resumedRounds":0,"resumedHorseRaces":0,"expiredHardcoreRuns":0,"msg":"game bot ready"}
{"level":30,"time":1790564849827,"pid":21828,"hostname":"Admin-PC","purchases":0,"requests":0,"messages":0,"progression":{"seasonScores":0,"seasonClaims":0,"weeklyScores":0,"weeklyClaims":0,"gameHistory":0,"contributions":0,"events":0,"inactiveProgress":0},"gachaHistory":0,"diamondTransactions":0,"msg":"commerce maintenance completed"}
{"level":30,"time":1790564849889,"pid":21828,"hostname":"Admin-PC","destination":"D:\\gamebot\\data\\backups\\game-bot-2026-09-28T03-07-29-825Z.sqlite","deleted":0,"msg":"database backup completed"}
{"level":30,"time":1790564949104,"pid":21828,"hostname":"Admin-PC","signal":"SIGINT","msg":"game bot shutting down"}
{"level":30,"time":1790564960577,"pid":32556,"hostname":"Admin-PC","deleted":0,"retentionDays":30,"msg":"economy maintenance completed"}
{"level":30,"time":1790564963483,"pid":32556,"hostname":"Admin-PC","user":"Gamebot#6565","resumedRounds":0,"resumedHorseRaces":0,"expiredHardcoreRuns":0,"msg":"game bot ready"}
{"level":30,"time":1790564963484,"pid":32556,"hostname":"Admin-PC","purchases":0,"requests":0,"messages":0,"progression":{"seasonScores":0,"seasonClaims":0,"weeklyScores":0,"weeklyClaims":0,"gameHistory":0,"contributions":0,"events":0,"inactiveProgress":0},"gachaHistory":0,"diamondTransactions":0,"msg":"commerce maintenance completed"}
{"level":30,"time":1790564963541,"pid":32556,"hostname":"Admin-PC","destination":"D:\\gamebot\\data\\backups\\game-bot-2026-09-28T03-09-23-483Z.sqlite","deleted":0,"msg":"database backup completed"}
{"level":30,"time":1790568563493,"pid":32556,"hostname":"Admin-PC","purchases":0,"requests":0,"messages":0,"progression":{"seasonScores":0,"seasonClaims":0,"weeklyScores":0,"weeklyClaims":0,"gameHistory":0,"contributions":0,"events":0,"inactiveProgress":0},"gachaHistory":0,"diamondTransactions":0,"msg":"commerce maintenance completed"}
{"level":30,"time":1790572163507,"pid":32556,"hostname":"Admin-PC","purchases":0,"requests":0,"messages":0,"progression":{"seasonScores":0,"seasonClaims":0,"weeklyScores":0,"weeklyClaims":0,"gameHistory":0,"contributions":0,"events":0,"inactiveProgress":0},"gachaHistory":0,"diamondTransactions":0,"msg":"commerce maintenance completed"}
{"level":30,"time":1790575763513,"pid":32556,"hostname":"Admin-PC","purchases":0,"requests":0,"messages":0,"progression":{"seasonScores":0,"seasonClaims":0,"weeklyScores":0,"weeklyClaims":0,"gameHistory":0,"contributions":0,"events":0,"inactiveProgress":0},"gachaHistory":0,"diamondTransactions":0,"msg":"commerce maintenance completed"}
{"level":30,"time":1790579363524,"pid":32556,"hostname":"Admin-PC","purchases":0,"requests":0,"messages":0,"progression":{"seasonScores":0,"seasonClaims":0,"weeklyScores":0,"weeklyClaims":0,"gameHistory":0,"contributions":0,"events":0,"inactiveProgress":0},"gachaHistory":0,"diamondTransactions":0,"msg":"commerce maintenance completed"}
{"level":30,"time":1790582522722,"pid":36152,"hostname":"Admin-PC","deleted":0,"retentionDays":30,"msg":"economy maintenance completed"}
{"level":30,"time":1790582525318,"pid":36152,"hostname":"Admin-PC","user":"Quản đốc#6123","resumedRounds":0,"resumedHorseRaces":0,"expiredHardcoreRuns":0,"msg":"game bot ready"}
{"level":30,"time":1790582525320,"pid":36152,"hostname":"Admin-PC","purchases":0,"requests":0,"messages":0,"progression":{"seasonScores":0,"seasonClaims":0,"weeklyScores":0,"weeklyClaims":0,"gameHistory":0,"contributions":0,"events":0,"inactiveProgress":0},"gachaHistory":0,"diamondTransactions":0,"msg":"commerce maintenance completed"}
{"level":30,"time":1790582525379,"pid":36152,"hostname":"Admin-PC","destination":"D:\\gamebot\\data\\backups\\game-bot-2026-09-28T08-02-05-318Z.sqlite","deleted":0,"msg":"database backup completed"}
{"level":30,"time":1790582679073,"pid":36152,"hostname":"Admin-PC","adminId":"419031030025158658","userId":"419031030025158658","guildId":"764883840480968724","amount":1000,"reason":"test","msg":"admin added gold"}
{"level":30,"time":1790585545289,"pid":23204,"hostname":"Admin-PC","deleted":0,"retentionDays":30,"msg":"economy maintenance completed"}
{"level":30,"time":1790585547228,"pid":23204,"hostname":"Admin-PC","user":"Quản đốc#6123","resumedRounds":0,"resumedHorseRaces":0,"expiredHardcoreRuns":0,"msg":"game bot ready"}
{"level":30,"time":1790585547229,"pid":23204,"hostname":"Admin-PC","purchases":0,"requests":0,"messages":0,"progression":{"seasonScores":0,"seasonClaims":0,"weeklyScores":0,"weeklyClaims":0,"gameHistory":0,"contributions":0,"events":0,"inactiveProgress":0},"gachaHistory":0,"diamondTransactions":0,"msg":"commerce maintenance completed"}
{"level":30,"time":1790585547288,"pid":23204,"hostname":"Admin-PC","destination":"D:\\gamebot\\data\\backups\\game-bot-2026-09-28T08-52-27-228Z.sqlite","deleted":0,"msg":"database backup completed"}
{"level":30,"time":1790586053180,"pid":23204,"hostname":"Admin-PC","signal":"SIGINT","msg":"game bot shutting down"}
{"level":30,"time":1790586060247,"pid":4200,"hostname":"Admin-PC","deleted":0,"retentionDays":30,"msg":"economy maintenance completed"}
{"level":30,"time":1790586062042,"pid":4200,"hostname":"Admin-PC","user":"Quản đốc#6123","resumedRounds":0,"resumedHorseRaces":0,"expiredHardcoreRuns":0,"msg":"game bot ready"}
{"level":30,"time":1790586062043,"pid":4200,"hostname":"Admin-PC","purchases":0,"requests":0,"messages":0,"progression":{"seasonScores":0,"seasonClaims":0,"weeklyScores":0,"weeklyClaims":0,"gameHistory":0,"contributions":0,"events":0,"inactiveProgress":0},"gachaHistory":0,"diamondTransactions":0,"msg":"commerce maintenance completed"}
{"level":30,"time":1790586062100,"pid":4200,"hostname":"Admin-PC","destination":"D:\\gamebot\\data\\backups\\game-bot-2026-09-28T09-01-02-042Z.sqlite","deleted":0,"msg":"database backup completed"}
{"level":30,"time":1790586090819,"pid":4200,"hostname":"Admin-PC","signal":"SIGINT","msg":"game bot shutting down"}
{"level":30,"time":1790586109682,"pid":15396,"hostname":"Admin-PC","deleted":0,"retentionDays":30,"msg":"economy maintenance completed"}
{"level":30,"time":1790586111470,"pid":15396,"hostname":"Admin-PC","user":"Quản đốc#6123","resumedRounds":0,"resumedHorseRaces":0,"expiredHardcoreRuns":0,"msg":"game bot ready"}
{"level":30,"time":1790586111471,"pid":15396,"hostname":"Admin-PC","purchases":0,"requests":0,"messages":0,"progression":{"seasonScores":0,"seasonClaims":0,"weeklyScores":0,"weeklyClaims":0,"gameHistory":0,"contributions":0,"events":0,"inactiveProgress":0},"gachaHistory":0,"diamondTransactions":0,"msg":"commerce maintenance completed"}
{"level":30,"time":1790586111525,"pid":15396,"hostname":"Admin-PC","destination":"D:\\gamebot\\data\\backups\\game-bot-2026-09-28T09-01-51-470Z.sqlite","deleted":0,"msg":"database backup completed"}
{"level":40,"time":1790586816048,"pid":15396,"hostname":"Admin-PC","err":{"type":"Error","message":"INSUFFICIENT_FUNDS","stack":"Error: INSUFFICIENT_FUNDS\n    at D:\\gamebot\\src\\services\\pokerService.js:57:21\n    at sqliteTransaction (D:\\gamebot\\node_modules\\better-sqlite3\\lib\\methods\\transaction.js:65:24)\n    at startPoker (D:\\gamebot\\src\\services\\pokerService.js:77:5)\n    at handleReplayButton (D:\\gamebot\\src\\services\\replayService.js:22:44)\n    at Object.handle (D:\\gamebot\\src\\componentRouter.js:21:73)\n    at routeComponentInteraction (D:\\gamebot\\src\\componentRouter.js:56:15)\n    at Client.<anonymous> (D:\\gamebot\\src\\index.js:97:15)\n    at Client.emit (node:events:514:28)\n    at InteractionCreateAction.handle (D:\\gamebot\\node_modules\\discord.js\\src\\client\\actions\\InteractionCreate.js:103:12)\n    at module.exports [as INTERACTION_CREATE] (D:\\gamebot\\node_modules\\discord.js\\src\\client\\websocket\\handlers\\INTERACTION_CREATE.js:4:36)","code":"INSUFFICIENT_FUNDS","balance":268},"game":"poker","userId":"730425173274132520","msg":"replay failed"}
{"level":40,"time":1790588816132,"pid":15396,"hostname":"Admin-PC","err":{"type":"Error","message":"INSUFFICIENT_FUNDS","stack":"Error: INSUFFICIENT_FUNDS\n    at D:\\gamebot\\src\\services\\economyService.js:72:19\n    at sqliteTransaction (D:\\gamebot\\node_modules\\better-sqlite3\\lib\\methods\\transaction.js:65:24)\n    at D:\\gamebot\\src\\services\\economyService.js:106:30\n    at withBusyRetry (D:\\gamebot\\src\\services\\economyService.js:16:18)\n    at spendCoins (D:\\gamebot\\src\\services\\economyService.js:106:10)\n    at D:\\gamebot\\src\\services\\blackjackService.js:89:19\n    at sqliteTransaction (D:\\gamebot\\node_modules\\better-sqlite3\\lib\\methods\\transaction.js:65:24)\n    at startBlackjack (D:\\gamebot\\src\\services\\blackjackService.js:110:40)\n    at handleReplayButton (D:\\gamebot\\src\\services\\replayService.js:19:43)\n    at Object.handle (D:\\gamebot\\src\\componentRouter.js:21:73)","code":"INSUFFICIENT_FUNDS","balance":6056},"game":"blackjack","userId":"473009534089297923","msg":"replay failed"}
{"level":30,"time":1790589711482,"pid":15396,"hostname":"Admin-PC","purchases":0,"requests":0,"messages":0,"progression":{"seasonScores":0,"seasonClaims":0,"weeklyScores":0,"weeklyClaims":0,"gameHistory":0,"contributions":0,"events":0,"inactiveProgress":0},"gachaHistory":0,"diamondTransactions":0,"msg":"commerce maintenance completed"}
{"level":40,"time":1790589826019,"pid":15396,"hostname":"Admin-PC","err":{"type":"Error","message":"ACTIVE_SESSION","stack":"Error: ACTIVE_SESSION\n    at Object.createBlackjackDuel (D:\\gamebot\\src\\services\\blackjackDuelService.js:33:105)\n    at handleReplayButton (D:\\gamebot\\src\\services\\replayService.js:36:19)\n    at Object.handle (D:\\gamebot\\src\\componentRouter.js:21:73)\n    at routeComponentInteraction (D:\\gamebot\\src\\componentRouter.js:56:15)\n    at Client.<anonymous> (D:\\gamebot\\src\\index.js:97:15)\n    at Client.emit (node:events:514:28)\n    at InteractionCreateAction.handle (D:\\gamebot\\node_modules\\discord.js\\src\\client\\actions\\InteractionCreate.js:103:12)\n    at module.exports [as INTERACTION_CREATE] (D:\\gamebot\\node_modules\\discord.js\\src\\client\\websocket\\handlers\\INTERACTION_CREATE.js:4:36)\n    at WebSocketManager.handlePacket (D:\\gamebot\\node_modules\\discord.js\\src\\client\\websocket\\WebSocketManager.js:352:31)\n    at WebSocketManager.<anonymous> (D:\\gamebot\\node_modules\\discord.js\\src\\client\\websocket\\WebSocketManager.js:236:12)"},"game":"bjduel","userId":"473009534089297923","msg":"replay failed"}
{"level":30,"time":1790602178063,"pid":24848,"hostname":"Silv","deleted":0,"retentionDays":30,"msg":"economy maintenance completed"}
{"level":30,"time":1790602181894,"pid":24848,"hostname":"Silv","user":"Quản đốc#6123","resumedRounds":0,"resumedHorseRaces":0,"expiredHardcoreRuns":0,"msg":"game bot ready"}
{"level":30,"time":1790602181895,"pid":24848,"hostname":"Silv","purchases":0,"requests":0,"messages":0,"progression":{"seasonScores":0,"seasonClaims":0,"weeklyScores":0,"weeklyClaims":0,"gameHistory":0,"contributions":0,"events":0,"inactiveProgress":0},"gachaHistory":0,"diamondTransactions":0,"msg":"commerce maintenance completed"}
{"level":30,"time":1790602181904,"pid":24848,"hostname":"Silv","destination":"D:\\DiscordBot\\data\\backups\\game-bot-2026-09-28T13-29-41-894Z.sqlite","deleted":0,"msg":"database backup completed"}
{"level":30,"time":1790602372656,"pid":24848,"hostname":"Silv","signal":"SIGINT","msg":"game bot shutting down"}
